15:04:57 **** Incremental Build of configuration Debug for project stm32_blinky ****
make -j28 all 
arm-none-eabi-gcc "../Core/Src/main.c" -mcpu=cortex-m4 -std=gnu11 -g3 -DDEBUG -DARM_MATH_CM4 -D__FPU_PRESENT=1 -DUSE_HAL_DRIVER -DSTM32F407xx -c -I../Core/Inc -I../Drivers/STM32F4xx_HAL_Driver/Inc -I../Drivers/STM32F4xx_HAL_Driver/Inc/Legacy -I../Drivers/CMSIS/Device/ST/STM32F4xx/Include -I../Drivers/CMSIS/Include -I"C:/Users/jishu/STM32Cube/Repository/STM32Cube_FW_F4_V1.28.3/Drivers/CMSIS/DSP/Include" -O0 -ffunction-sections -fdata-sections -Wall -fstack-usage -fcyclomatic-complexity -MMD -MP -MF"Core/Src/main.d" -MT"Core/Src/main.o" --specs=nano.specs -mfpu=fpv4-sp-d16 -mfloat-abi=hard -mthumb -o "Core/Src/main.o"
arm-none-eabi-gcc "../Core/Src/shazam.c" -mcpu=cortex-m4 -std=gnu11 -g3 -DDEBUG -DARM_MATH_CM4 -D__FPU_PRESENT=1 -DUSE_HAL_DRIVER -DSTM32F407xx -c -I../Core/Inc -I../Drivers/STM32F4xx_HAL_Driver/Inc -I../Drivers/STM32F4xx_HAL_Driver/Inc/Legacy -I../Drivers/CMSIS/Device/ST/STM32F4xx/Include -I../Drivers/CMSIS/Include -I"C:/Users/jishu/STM32Cube/Repository/STM32Cube_FW_F4_V1.28.3/Drivers/CMSIS/DSP/Include" -O0 -ffunction-sections -fdata-sections -Wall -fstack-usage -fcyclomatic-complexity -MMD -MP -MF"Core/Src/shazam.d" -MT"Core/Src/shazam.o" --specs=nano.specs -mfpu=fpv4-sp-d16 -mfloat-abi=hard -mthumb -o "Core/Src/shazam.o"
arm-none-eabi-gcc "../Core/Src/stm32f4xx_hal_msp.c" -mcpu=cortex-m4 -std=gnu11 -g3 -DDEBUG -DARM_MATH_CM4 -D__FPU_PRESENT=1 -DUSE_HAL_DRIVER -DSTM32F407xx -c -I../Core/Inc -I../Drivers/STM32F4xx_HAL_Driver/Inc -I../Drivers/STM32F4xx_HAL_Driver/Inc/Legacy -I../Drivers/CMSIS/Device/ST/STM32F4xx/Include -I../Drivers/CMSIS/Include -I"C:/Users/jishu/STM32Cube/Repository/STM32Cube_FW_F4_V1.28.3/Drivers/CMSIS/DSP/Include" -O0 -ffunction-sections -fdata-sections -Wall -fstack-usage -fcyclomatic-complexity -MMD -MP -MF"Core/Src/stm32f4xx_hal_msp.d" -MT"Core/Src/stm32f4xx_hal_msp.o" --specs=nano.specs -mfpu=fpv4-sp-d16 -mfloat-abi=hard -mthumb -o "Core/Src/stm32f4xx_hal_msp.o"
arm-none-eabi-gcc "../Core/Src/stm32f4xx_it.c" -mcpu=cortex-m4 -std=gnu11 -g3 -DDEBUG -DARM_MATH_CM4 -D__FPU_PRESENT=1 -DUSE_HAL_DRIVER -DSTM32F407xx -c -I../Core/Inc -I../Drivers/STM32F4xx_HAL_Driver/Inc -I../Drivers/STM32F4xx_HAL_Driver/Inc/Legacy -I../Drivers/CMSIS/Device/ST/STM32F4xx/Include -I../Drivers/CMSIS/Include -I"C:/Users/jishu/STM32Cube/Repository/STM32Cube_FW_F4_V1.28.3/Drivers/CMSIS/DSP/Include" -O0 -ffunction-sections -fdata-sections -Wall -fstack-usage -fcyclomatic-complexity -MMD -MP -MF"Core/Src/stm32f4xx_it.d" -MT"Core/Src/stm32f4xx_it.o" --specs=nano.specs -mfpu=fpv4-sp-d16 -mfloat-abi=hard -mthumb -o "Core/Src/stm32f4xx_it.o"
In file included from ../Drivers/CMSIS/Device/ST/STM32F4xx/Include/stm32f4xx.h:132,
                 from ../Drivers/STM32F4xx_HAL_Driver/Inc/stm32f4xx_hal_def.h:29,
                 from ../Drivers/STM32F4xx_HAL_Driver/Inc/stm32f4xx_hal_rcc.h:27,
                 from ../Core/Inc/stm32f4xx_hal_conf.h:275,
                 from ../Drivers/STM32F4xx_HAL_Driver/Inc/stm32f4xx_hal.h:29,
                 from ../Core/Inc/main.h:30,
                 from ../Core/Src/stm32f4xx_hal_msp.c:21:
../Drivers/CMSIS/Device/ST/STM32F4xx/Include/stm32f407xx.h:51:9: warning: "__FPU_PRESENT" redefined
   51 | #define __FPU_PRESENT             1U       /*!< FPU present                                   */
      |         ^~~~~~~~~~~~~
<command-line>: note: this is the location of the previous definition
In file included from ../Drivers/CMSIS/Device/ST/STM32F4xx/Include/stm32f4xx.h:132,
                 from ../Drivers/STM32F4xx_HAL_Driver/Inc/stm32f4xx_hal_def.h:29,
                 from ../Drivers/STM32F4xx_HAL_Driver/Inc/stm32f4xx_hal_rcc.h:27,
                 from ../Core/Inc/stm32f4xx_hal_conf.h:275,
                 from ../Drivers/STM32F4xx_HAL_Driver/Inc/stm32f4xx_hal.h:29,
                 from ../Core/Inc/main.h:30,
                 from ../Core/Src/main.c:20:
../Drivers/CMSIS/Device/ST/STM32F4xx/Include/stm32f407xx.h:51:9: warning: "__FPU_PRESENT" redefined
   51 | #define __FPU_PRESENT             1U       /*!< FPU present                                   */
      |         ^~~~~~~~~~~~~
In file included from ../Drivers/CMSIS/Device/ST/STM32F4xx/Include/stm32f4xx.h:132,
                 from ../Drivers/STM32F4xx_HAL_Driver/Inc/stm32f4xx_hal_def.h:29,
                 from ../Drivers/STM32F4xx_HAL_Driver/Inc/stm32f4xx_hal_rcc.h:27,
                 from ../Core/Inc/stm32f4xx_hal_conf.h:275,
                 from ../Drivers/STM32F4xx_HAL_Driver/Inc/stm32f4xx_hal.h:29,
                 from ../Core/Inc/main.h:30,
                 from ../Core/Src/stm32f4xx_it.c:21:
../Drivers/CMSIS/Device/ST/STM32F4xx/Include/stm32f407xx.h:51:9: warning: "__FPU_PRESENT" redefined
   51 | #define __FPU_PRESENT             1U       /*!< FPU present                                   */
      |         ^~~~~~~~~~~~~
<command-line>: note: this is the location of the previous definition
<command-line>: note: this is the location of the previous definition
In file included from ../Drivers/CMSIS/Device/ST/STM32F4xx/Include/stm32f4xx.h:132,
                 from ../Drivers/STM32F4xx_HAL_Driver/Inc/stm32f4xx_hal_def.h:29,
                 from ../Drivers/STM32F4xx_HAL_Driver/Inc/stm32f4xx_hal_rcc.h:27,
                 from ../Core/Inc/stm32f4xx_hal_conf.h:275,
                 from ../Drivers/STM32F4xx_HAL_Driver/Inc/stm32f4xx_hal.h:29,
                 from ../Core/Inc/main.h:30,
                 from ../Core/Src/shazam.c:31:
../Drivers/CMSIS/Device/ST/STM32F4xx/Include/stm32f407xx.h:51:9: warning: "__FPU_PRESENT" redefined
   51 | #define __FPU_PRESENT             1U       /*!< FPU present                                   */
      |         ^~~~~~~~~~~~~
<command-line>: note: this is the location of the previous definition
arm-none-eabi-gcc -o "stm32_blinky.elf" @"objects.list"  -larm_cortexM4lf_math -mcpu=cortex-m4 -T"C:\Users\jishu\Desktop\dsp\hardware_project\stm32_blinky\stm32_blinky\STM32F407VGTX_FLASH.ld" --specs=nosys.specs -Wl,-Map="stm32_blinky.map" -Wl,--gc-sections -static -L"C:\Users\jishu\Desktop\dsp\hardware_project\stm32_blinky\stm32_blinky\Core\Lib" -u _printf_float --specs=nano.specs -mfpu=fpv4-sp-d16 -mfloat-abi=hard -mthumb -Wl,--start-group -lc -lm -Wl,--end-group
Finished building target: stm32_blinky.elf
 
arm-none-eabi-size  stm32_blinky.elf 
arm-none-eabi-objdump -h -S stm32_blinky.elf  > "stm32_blinky.list"
   text	   data	    bss	    dec	    hex	filename
 161192	    468	 118340	 280000	  445c0	stm32_blinky.elf
Finished building: default.size.stdout
 
Finished building: stm32_blinky.list
 

15:05:03 Build Finished. 0 errors, 4 warnings. (took 6s.240ms)

